------------------------------------------------------------
TimeQuest Timing Analyzer Summary
------------------------------------------------------------

Type  : Slow 1200mV 85C Model Setup 'cpuClk'
Slack : -18.832
TNS   : -1746.032

Type  : Slow 1200mV 85C Model Setup 'memClk'
Slack : -17.301
TNS   : -244.841

Type  : Slow 1200mV 85C Model Hold 'memClk'
Slack : 0.309
TNS   : 0.000

Type  : Slow 1200mV 85C Model Hold 'cpuClk'
Slack : 0.385
TNS   : 0.000

Type  : Slow 1200mV 85C Model Recovery 'cpuClk'
Slack : -3.581
TNS   : -227.193

Type  : Slow 1200mV 85C Model Removal 'cpuClk'
Slack : 1.183
TNS   : 0.000

Type  : Slow 1200mV 85C Model Minimum Pulse Width 'cpuClk'
Slack : -3.000
TNS   : -181.738

Type  : Slow 1200mV 85C Model Minimum Pulse Width 'memClk'
Slack : -3.000
TNS   : -149.147

Type  : Slow 1200mV 0C Model Setup 'cpuClk'
Slack : -17.272
TNS   : -1597.031

Type  : Slow 1200mV 0C Model Setup 'memClk'
Slack : -15.909
TNS   : -219.077

Type  : Slow 1200mV 0C Model Hold 'memClk'
Slack : 0.311
TNS   : 0.000

Type  : Slow 1200mV 0C Model Hold 'cpuClk'
Slack : 0.339
TNS   : 0.000

Type  : Slow 1200mV 0C Model Recovery 'cpuClk'
Slack : -3.196
TNS   : -197.728

Type  : Slow 1200mV 0C Model Removal 'cpuClk'
Slack : 1.085
TNS   : 0.000

Type  : Slow 1200mV 0C Model Minimum Pulse Width 'cpuClk'
Slack : -3.000
TNS   : -181.694

Type  : Slow 1200mV 0C Model Minimum Pulse Width 'memClk'
Slack : -3.000
TNS   : -147.431

Type  : Fast 1200mV 0C Model Setup 'cpuClk'
Slack : -8.536
TNS   : -785.019

Type  : Fast 1200mV 0C Model Setup 'memClk'
Slack : -7.931
TNS   : -68.793

Type  : Fast 1200mV 0C Model Hold 'memClk'
Slack : 0.108
TNS   : 0.000

Type  : Fast 1200mV 0C Model Hold 'cpuClk'
Slack : 0.174
TNS   : 0.000

Type  : Fast 1200mV 0C Model Recovery 'cpuClk'
Slack : -1.336
TNS   : -67.914

Type  : Fast 1200mV 0C Model Removal 'cpuClk'
Slack : 0.564
TNS   : 0.000

Type  : Fast 1200mV 0C Model Minimum Pulse Width 'cpuClk'
Slack : -3.000
TNS   : -150.679

Type  : Fast 1200mV 0C Model Minimum Pulse Width 'memClk'
Slack : -3.000
TNS   : -82.206

------------------------------------------------------------
